---
source: cli/src/backend/mod.rs
expression: res
---
package dev.diplomattest.somelib;

import dev.diplomattest.somelib.ntv.*;


import java.lang.foreign.Arena;
import java.lang.foreign.MemorySegment;
import java.lang.foreign.SegmentAllocator;
import java.lang.ref.Cleaner;
import java.util.List;
import static java.lang.foreign.ValueLayout.*;
import java.nio.charset.StandardCharsets;
import java.util.stream.Stream;

public class Float64Vec {

    MemorySegment internal;
    Cleaner.Cleanable cleanable;
    SegmentAllocator arena;

    List<Object> selfEdges = List.of();
    

    static class Float64VecCleaner implements Runnable {

        MemorySegment segment;
        Float64VecCleaner(MemorySegment segment) {
            this.segment = segment;
        }

        public void run() {
            somelib_h.Float64Vec_destroy(this.segment);
        }
    }

    Float64Vec() {}
    Float64Vec(MemorySegment handle, List<Object> selfEdges) {
        this.internal = handle;
        this.selfEdges = selfEdges;
        

    }
    
    public static Float64Vec new_(double[] v) {
        
        try (var arena = Arena.ofConfined()) {
            var vLen = v.length;
            var vData= Arena.ofAuto().allocateFrom(JAVA_DOUBLE, v);
            var vView = DiplomatF64View.allocate(Arena.ofAuto());
            DiplomatF64View.len(vView, vLen);
            DiplomatF64View.data(vView, vData);
    
            var nativeVal = somelib_h.Float64Vec_new(vView);
            
            List<Object> selfEdges = List.of();
            
            
            
            var returnVal = new Float64Vec(nativeVal, selfEdges);
            return returnVal;
                    
        }
    }
    
    
    public double[] asSlice() {
        
        try (var arena = Arena.ofConfined()) {
            
            
            var nativeVal = somelib_h.Float64Vec_as_slice(arena, internal);
            
            var data = dev.diplomattest.somelib.ntv.DiplomatF64View.data(nativeVal);
            var len = dev.diplomattest.somelib.ntv.DiplomatF64View.len(nativeVal);
            var returnVal = SliceUtils.doubleSliceToArray(nativeVal);
            return returnVal;
                    
        }
    }
    
}
============================
package dev.diplomattest.somelib;

import dev.diplomattest.somelib.ntv.*;


import java.lang.foreign.Arena;
import java.lang.foreign.MemorySegment;
import java.lang.foreign.SegmentAllocator;
import java.lang.ref.Cleaner;
import java.util.List;
import static java.lang.foreign.ValueLayout.*;
import java.nio.charset.StandardCharsets;
import java.util.stream.Stream;

public class MyString {

    MemorySegment internal;
    Cleaner.Cleanable cleanable;
    SegmentAllocator arena;

    List<Object> selfEdges = List.of();
    

    static class MyStringCleaner implements Runnable {

        MemorySegment segment;
        MyStringCleaner(MemorySegment segment) {
            this.segment = segment;
        }

        public void run() {
            somelib_h.MyString_destroy(this.segment);
        }
    }

    MyString() {}
    MyString(MemorySegment handle, List<Object> selfEdges) {
        this.internal = handle;
        this.selfEdges = selfEdges;
        

    }
    
    public static MyString new_(String v) {
        
        try (var arena = Arena.ofConfined()) {
            var vData= Arena.ofAuto().allocateFrom(v, StandardCharsets.UTF_8);
            var vLen = vData.byteSize() - 1;  // allocated strings are null terminated
            var vView = DiplomatStringView.allocate(Arena.ofAuto());
            DiplomatStringView.len(vView, vLen);
            DiplomatStringView.data(vView, vData);
            var nativeVal = somelib_h.MyString_new(vView);
            
            List<Object> selfEdges = List.of();
            
            
            
            var returnVal = new MyString(nativeVal, selfEdges);
            return returnVal;
                    
        }
    }
    
    public static MyString newUnsafe(String v) {
        
        try (var arena = Arena.ofConfined()) {
            var vData= Arena.ofAuto().allocateFrom(v, StandardCharsets.UTF_8);
            var vLen = vData.byteSize() - 1;  // allocated strings are null terminated
            var vView = DiplomatStringView.allocate(Arena.ofAuto());
            DiplomatStringView.len(vView, vLen);
            DiplomatStringView.data(vView, vData);
            var nativeVal = somelib_h.MyString_new_unsafe(vView);
            
            List<Object> selfEdges = List.of();
            
            
            
            var returnVal = new MyString(nativeVal, selfEdges);
            return returnVal;
                    
        }
    }
    
    public static MyString newFromFirst(String [] v) {
        
        try (var arena = Arena.ofConfined()) {
            var vView = SliceUtils.strs8(Arena.ofAuto(), v);
                var vLen = v.length;
            var nativeVal = somelib_h.MyString_new_from_first(vView);
            
            List<Object> selfEdges = List.of();
            
            
            
            var returnVal = new MyString(nativeVal, selfEdges);
            return returnVal;
                    
        }
    }
    
    
    public void setStr(String newStr) {
        
        try (var arena = Arena.ofConfined()) {
            
            var newStrData= Arena.ofAuto().allocateFrom(newStr, StandardCharsets.UTF_8);
            var newStrLen = newStrData.byteSize() - 1;  // allocated strings are null terminated
            var newStrView = DiplomatStringView.allocate(Arena.ofAuto());
            DiplomatStringView.len(newStrView, newStrLen);
            DiplomatStringView.data(newStrView, newStrData);
            somelib_h.MyString_set_str(internal, newStrView);
            
        }
    }
    
    public String getStr() {
        
        
        var writeable = somelib_h.diplomat_buffer_write_create(0);
        somelib_h.MyString_get_str(internal, writeable);
        var string = SliceUtils. readUtf8FromWriteable(writeable);
        somelib_h.diplomat_buffer_write_destroy(writeable);
        return string;
    }
    
    public String getBoxedStr() {
        
        try (var arena = Arena.ofConfined()) {
            
            
            var nativeVal = somelib_h.MyString_get_boxed_str(arena, internal);
            
            var returnVal = SliceUtils.readUtf8(nativeVal);
            return returnVal;
                    
        }
    }
    
}
============================
